[www.piink.store/index.html]
[backblue.gif]
[fade.gif]
[index.html]
[www.piink.store/images/logos/favicon.png]
[www.piink.store/assets/js/atranslator.js]
[www.piink.store/assets/css/style.css]
[www.piink.store/assets/css/fontawesome.css]
[cdn.jsdelivr.net/npm/glightbox/dist/css/glightbox.min.css]
[cdn.jsdelivr.net/gh/mcstudios/glightbox/dist/js/glightbox.min.js]
[www.piink.store/images/logos/2.png]
[www.piink.store/404.html]
[www.piink.store/images/arts/1.png]
[www.piink.store/produtos/index.html]
[www.piink.store/images/servicos/4.png]
[www.piink.store/images/servicos/3.png]
[www.piink.store/images/servicos/1.png]
[www.piink.store/images/clientes/1.jpg]
[www.piink.store/termos.html]
[www.piink.store/ativarmod.html]
[www.piink.store/tutorial.html]
[www.piink.store/index.html]
[www.piink.store/assets/js/bootstrap.bundle.min.js]
[www.piink.store/assets/js/atranslator.js]
[i.imgur.com/KHl1qJL.png]
[www.piink.store/assets/css/style.css]
[www.piink.store/assets/webfonts/fa-brands-400.eot]
[www.piink.store/assets/webfonts/fa-brands-400d41d.eot]
[www.piink.store/assets/webfonts/fa-brands-400.woff2]
[www.piink.store/assets/webfonts/fa-brands-400.woff]
[www.piink.store/assets/webfonts/fa-brands-400.ttf]
[www.piink.store/assets/webfonts/fa-brands-400.svg]
[www.piink.store/assets/webfonts/fa-regular-400.eot]
[www.piink.store/assets/webfonts/fa-regular-400d41d.eot]
[www.piink.store/assets/webfonts/fa-regular-400.woff2]
[www.piink.store/assets/webfonts/fa-regular-400.woff]
[www.piink.store/assets/webfonts/fa-regular-400.ttf]
[www.piink.store/assets/webfonts/fa-regular-400.svg]
[www.piink.store/assets/webfonts/fa-solid-900.eot]
[www.piink.store/assets/webfonts/fa-solid-900d41d.eot]
[www.piink.store/assets/webfonts/fa-solid-900.woff2]
[www.piink.store/assets/webfonts/fa-solid-900.woff]
[www.piink.store/assets/webfonts/fa-solid-900.ttf]
[www.piink.store/assets/css/fontawesome.css]
[cdn.jsdelivr.net/npm/glightbox/dist/css/glightbox.min.css]
[www.piink.store/assets/webfonts/fa-solid-900.svg]
[cdn.jsdelivr.net/npm/bootstrap@5.1.1/dist/css/bootstrap.min.css]
[cdnjs.cloudflare.com/ajax/libs/font-awesome/5.14.0/css/all.min.css]
[cdn.jsdelivr.net/npm/bootstrap@5.1.1/dist/js/bootstrap.bundle.min.js]
[www.piink.store/produtos/assets/css/style_prod.css]
[cdnjs.cloudflare.com/ajax/libs/Counter-Up/1.0.0/jquery.counterup.js]
[cdnjs.cloudflare.com/ajax/libs/waypoints/4.0.1/jquery.waypoints.js]
[code.jquery.com/jquery-3.4.1.js]
[www.piink.store/produtos/detalhes0055.html]
[www.piink.store/produtos/detalhes4ef9.html]
[www.piink.store/produtos/detalhes6e03.html]
[www.piink.store/produtos/detalhes87f1.html]
[www.piink.store/produtos/detalhes7429.html]
[www.piink.store/produtos/detalhes2728.html]
[www.piink.store/produtos/detalhes190a.html]
[www.piink.store/produtos/checkout-pix.html]
[www.piink.store/produtos/index.html]
[cdnjs.cloudflare.com/ajax/libs/normalize/5.0.0/normalize.min.css]
[cdnjs.cloudflare.com/ajax/libs/twitter-bootstrap/4.1.3/css/bootstrap.min.css]
[www.piink.store/assets/css/404.css]
[cdnjs.cloudflare.com/ajax/libs/gsap/3.1.1/gsap.min.js]
[www.piink.store/404.html]
[www.piink.store/termos.html]
[www.piink.store/ativarmod.html]
[www.piink.store/assets/js/script.js]
[www.piink.store/images/arts/2.png]
[www.piink.store/tutorial.html]
[www.piink.store/assets/js/bootstrap.bundle.min.js]
[www.piink.store/assets/webfonts/fa-brands-400.svg]
[www.piink.store/assets/webfonts/fa-regular-400.svg]
[www.piink.store/assets/webfonts/fa-solid-900.svg]
[cdn.jsdelivr.net/npm/bootstrap@5.1.1/dist/css/bootstrap.min.css]
[cdnjs.cloudflare.com/ajax/libs/font-awesome/5.14.0/css/all.min.css]
[www.piink.store/produtos/assets/css/style_prod.css]
[cdn.icon-icons.com/icons2/943/PNG/512/shoppaymentorderbuy-10_icon-icons.com_73874.html]
[www.piink.store/produtos/assets/css/style1.css]
[www.piink.store/produtos/detalhes0055.html]
[www.piink.store/produtos/detalhes4ef9.html]
[www.piink.store/produtos/detalhes6e03.html]
[www.piink.store/produtos/detalhes87f1.html]
[www.piink.store/produtos/detalhes7429.html]
[www.piink.store/produtos/detalhes2728.html]
[www.piink.store/produtos/detalhes190a.html]
[www.piink.store/produtos/checkout-pix.html]
[cdnjs.cloudflare.com/ajax/libs/normalize/5.0.0/normalize.min.css]
[cdnjs.cloudflare.com/ajax/libs/twitter-bootstrap/4.1.3/css/bootstrap.min.css]
[www.piink.store/assets/css/404.css]
[www.piink.store/assets/js/script.js]
[www.piink.store/produtos/assets/css/style1.css]
